// Jest Snapshot v1, https://goo.gl/fbAQLP

exports[`Svg should render Svg with size 1`] = `
.c0 {
  width: 10px;
  min-width: 10px;
  height: 10px;
  min-height: 10px;
}

<svg
  className="c0"
  size={10}
/>
`;

exports[`Svg should render Svg with width and height 1`] = `
.c0 {
  width: 5px;
  min-width: 5px;
  height: 2px;
  min-height: 2px;
}

<svg
  className="c0"
  height={2}
  width={5}
/>
`;
